// Jest Snapshot v1, https://goo.gl/fbAQLP

exports[`Render App component 1`] = `
Array [
  <header
    className="navbar"
  >
    <h2>
      Tue Sep 08 2020
    </h2>
  </header>,
  <div>
    <form
      onSubmit={[Function]}
    >
      <input
        onChange={[Function]}
        value=""
      />
      <button
        type="submit"
      >
        Add Item
      </button>
    </form>
  </div>,
  <div
    className="todo_list"
  >
    <ul />
  </div>,
  <div
    className="footer"
  >
    <span>
      Show: 
    </span>
    <button
      className="link"
      disabled={true}
      onClick={[Function]}
      type="button"
    >
      All
    </button>
    <button
      className="link"
      disabled={false}
      onClick={[Function]}
      type="button"
    >
      Active
    </button>
    <button
      className="link"
      disabled={false}
      onClick={[Function]}
      type="button"
    >
      Completed
    </button>
  </div>,
]
`;
